// Vitest Snapshot v1, https://vitest.dev/guide/snapshot.html

exports[`format > should basic format 1`] = `
".css {
  color:#fff;
}

"
`;

exports[`format > should indent format 1`] = `
".css {
				color:#fff;
}

"
`;

exports[`format > should indent format 2`] = `
".css {
    color:#fff;
}

"
`;

exports[`format > should simple.css format 1`] = `
".logo {
  height: 6em;
  padding: 1.5em;
  will-change: filter;
  transition: filter 300ms;
}

.logo:hover {
  filter: drop-shadow(0 0 2em #646cffaa);
}

.logo.vanilla:hover {
  filter: drop-shadow(0 0 2em #3178c6aa);
}

.card {
  padding: 2em;
}

.read-the-docs {
  color: #888;
}

* {
  font-size: 12px;
}

*.work {
  font-family: 'Franklin Gothic Medium', 'Arial Narrow', Arial, sans-serif;
}

*#id {
  font-family: 'Franklin Gothic Medium', 'Arial Narrow', Arial, sans-serif;
}

a_button_a {
  color: #888;
}

.button {
  color: #909090;
}

button {
  color: #888;
}
"
`;

exports[`format > should tab format 1`] = `
".css {
		color:#fff;
}

"
`;
